<?xml version="1.0" encoding="UTF-8"?>
<TestRun id="3e40d2d5-c5a3-4dd6-b802-8bcf75abbb02" name="Loren@ELLRIN 2010-12-18 00:39:38" runUser="Ellrin\Loren" xmlns="http://microsoft.com/schemas/VisualStudio/TeamTest/2010">
  <TestSettings name="Local" id="20c951ca-5f84-442b-894a-0e379489c7be">
    <Description>These are default test settings for a local test run.</Description>
    <Deployment userDeploymentRoot="D:\Code\csharp-bacnet\BACnet\TestResults" useDefaultDeploymentRoot="false" enabled="false" runDeploymentRoot="Loren_ELLRIN 2010-12-18 00_39_38">
      <DeploymentItem filename="D:\Code\csharp-bacnet\BACnet\bin\Debug\BACnet.dll" />
    </Deployment>
    <Execution>
      <TestTypeSpecific />
      <AgentRule name="Execution Agents">
      </AgentRule>
    </Execution>
  </TestSettings>
  <Times creation="2010-12-18T00:39:38.1857411-08:00" queuing="2010-12-18T00:39:38.1987418-08:00" start="2010-12-18T00:39:38.2057422-08:00" finish="2010-12-18T00:39:38.4517535-08:00" />
  <ResultSummary outcome="Failed">
    <Counters total="6" executed="6" error="0" failed="6" timeout="0" aborted="0" inconclusive="0" passedButRunAborted="0" notRunnable="0" notExecuted="0" disconnected="0" warning="0" passed="0" completed="0" inProgress="0" pending="0" />
    <RunInfos>
      <RunInfo computerName="ELLRIN" outcome="Warning" timestamp="2010-12-18T00:39:38.1987418-08:00">
        <Text>Deployment is currently disabled. The deployment item 'BACnet.dll' on test 'BACnet.Tests.BitStringTest.maskTest1' was not deployed.</Text>
      </RunInfo>
    </RunInfos>
  </ResultSummary>
  <TestDefinitions>
    <UnitTest name="maskTest1" storage="d:\code\csharp-bacnet\bacnet.tests\bin\debug\bacnet.tests.dll" id="c7a48a19-d730-8400-6b82-3a4d2b7946e4">
      <DeploymentItems>
        <DeploymentItem filename="BACnet.dll" />
      </DeploymentItems>
      <Execution id="44fe42c8-2bf4-4530-bb41-077372601127" />
      <TestMethod codeBase="D:/Code/csharp-bacnet/BACnet.Tests/bin/Debug/BACnet.Tests.DLL" adapterTypeName="Microsoft.VisualStudio.TestTools.TestTypes.Unit.UnitTestAdapter, Microsoft.VisualStudio.QualityTools.Tips.UnitTest.Adapter, Version=10.0.0.0, Culture=neutral, PublicKeyToken=b03f5f7f11d50a3a" className="BACnet.Tests.BitStringTest, BACnet.Tests, Version=1.0.0.0, Culture=neutral, PublicKeyToken=null" name="maskTest1" />
    </UnitTest>
    <UnitTest name="FlagsTest" storage="d:\code\csharp-bacnet\bacnet.tests\bin\debug\bacnet.tests.dll" id="4d7b5f58-1541-b38a-a31c-fd12884037ea">
      <Execution id="b0ef0c00-633b-4abc-bc2d-4e46298a3443" />
      <TestMethod codeBase="D:/Code/csharp-bacnet/BACnet.Tests/bin/Debug/BACnet.Tests.DLL" adapterTypeName="Microsoft.VisualStudio.TestTools.TestTypes.Unit.UnitTestAdapter, Microsoft.VisualStudio.QualityTools.Tips.UnitTest.Adapter, Version=10.0.0.0, Culture=neutral, PublicKeyToken=b03f5f7f11d50a3a" className="BACnet.Tests.BitStringTest, BACnet.Tests, Version=1.0.0.0, Culture=neutral, PublicKeyToken=null" name="FlagsTest" />
    </UnitTest>
    <UnitTest name="LengthTest1" storage="d:\code\csharp-bacnet\bacnet.tests\bin\debug\bacnet.tests.dll" id="25fd975d-1b6f-2ba5-0b71-17fac58fcd2d">
      <Execution id="4df39db6-697e-4c8b-abbf-9433dcd4d060" />
      <TestMethod codeBase="D:/Code/csharp-bacnet/BACnet.Tests/bin/Debug/BACnet.Tests.DLL" adapterTypeName="Microsoft.VisualStudio.TestTools.TestTypes.Unit.UnitTestAdapter, Microsoft.VisualStudio.QualityTools.Tips.UnitTest.Adapter, Version=10.0.0.0, Culture=neutral, PublicKeyToken=b03f5f7f11d50a3a" className="BACnet.Tests.BitStringTest, BACnet.Tests, Version=1.0.0.0, Culture=neutral, PublicKeyToken=null" name="LengthTest1" />
    </UnitTest>
    <UnitTest name="ItemTest2" storage="d:\code\csharp-bacnet\bacnet.tests\bin\debug\bacnet.tests.dll" id="51402006-0952-5313-947e-332d1720b63c">
      <Execution id="75844594-ea14-49b5-8d7f-e9454a5aa10c" />
      <TestMethod codeBase="D:/Code/csharp-bacnet/BACnet.Tests/bin/Debug/BACnet.Tests.DLL" adapterTypeName="Microsoft.VisualStudio.TestTools.TestTypes.Unit.UnitTestAdapter, Microsoft.VisualStudio.QualityTools.Tips.UnitTest.Adapter, Version=10.0.0.0, Culture=neutral, PublicKeyToken=b03f5f7f11d50a3a" className="BACnet.Tests.BitStringTest, BACnet.Tests, Version=1.0.0.0, Culture=neutral, PublicKeyToken=null" name="ItemTest2" />
    </UnitTest>
    <UnitTest name="maskTest" storage="d:\code\csharp-bacnet\bacnet.tests\bin\debug\bacnet.tests.dll" id="1db3f146-6d37-ab11-90b1-d417783ab30f">
      <Execution id="98ced9b3-520e-491e-b3f2-7995f2b90100" />
      <TestMethod codeBase="D:/Code/csharp-bacnet/BACnet.Tests/bin/Debug/BACnet.Tests.DLL" adapterTypeName="Microsoft.VisualStudio.TestTools.TestTypes.Unit.UnitTestAdapter, Microsoft.VisualStudio.QualityTools.Tips.UnitTest.Adapter, Version=10.0.0.0, Culture=neutral, PublicKeyToken=b03f5f7f11d50a3a" className="BACnet.Tests.BitStringTest, BACnet.Tests, Version=1.0.0.0, Culture=neutral, PublicKeyToken=null" name="maskTest" />
    </UnitTest>
    <UnitTest name="FlagsTest1" storage="d:\code\csharp-bacnet\bacnet.tests\bin\debug\bacnet.tests.dll" id="dd3e264b-8f45-7612-406f-b3b996d681d6">
      <Execution id="51e11f85-3ce3-4fb6-b5bc-a12485acb22a" />
      <TestMethod codeBase="D:/Code/csharp-bacnet/BACnet.Tests/bin/Debug/BACnet.Tests.DLL" adapterTypeName="Microsoft.VisualStudio.TestTools.TestTypes.Unit.UnitTestAdapter, Microsoft.VisualStudio.QualityTools.Tips.UnitTest.Adapter, Version=10.0.0.0, Culture=neutral, PublicKeyToken=b03f5f7f11d50a3a" className="BACnet.Tests.BitStringTest, BACnet.Tests, Version=1.0.0.0, Culture=neutral, PublicKeyToken=null" name="FlagsTest1" />
    </UnitTest>
  </TestDefinitions>
  <TestLists>
    <TestList name="Results Not in a List" id="8c84fa94-04c1-424b-9868-57a2d4851a1d" />
    <TestList name="All Loaded Results" id="19431567-8539-422a-85d7-44ee4e166bda" />
  </TestLists>
  <TestEntries>
    <TestEntry testId="1db3f146-6d37-ab11-90b1-d417783ab30f" executionId="98ced9b3-520e-491e-b3f2-7995f2b90100" testListId="8c84fa94-04c1-424b-9868-57a2d4851a1d" />
    <TestEntry testId="dd3e264b-8f45-7612-406f-b3b996d681d6" executionId="51e11f85-3ce3-4fb6-b5bc-a12485acb22a" testListId="8c84fa94-04c1-424b-9868-57a2d4851a1d" />
    <TestEntry testId="51402006-0952-5313-947e-332d1720b63c" executionId="75844594-ea14-49b5-8d7f-e9454a5aa10c" testListId="8c84fa94-04c1-424b-9868-57a2d4851a1d" />
    <TestEntry testId="4d7b5f58-1541-b38a-a31c-fd12884037ea" executionId="b0ef0c00-633b-4abc-bc2d-4e46298a3443" testListId="8c84fa94-04c1-424b-9868-57a2d4851a1d" />
    <TestEntry testId="c7a48a19-d730-8400-6b82-3a4d2b7946e4" executionId="44fe42c8-2bf4-4530-bb41-077372601127" testListId="8c84fa94-04c1-424b-9868-57a2d4851a1d" />
    <TestEntry testId="25fd975d-1b6f-2ba5-0b71-17fac58fcd2d" executionId="4df39db6-697e-4c8b-abbf-9433dcd4d060" testListId="8c84fa94-04c1-424b-9868-57a2d4851a1d" />
  </TestEntries>
  <Results>
    <UnitTestResult executionId="98ced9b3-520e-491e-b3f2-7995f2b90100" testId="1db3f146-6d37-ab11-90b1-d417783ab30f" testName="maskTest" computerName="ELLRIN" duration="00:00:00.0273978" startTime="2010-12-18T00:39:38.2067423-08:00" endTime="2010-12-18T00:39:38.4117535-08:00" testType="13cdc9d9-ddb5-4fa4-a97d-d965ccfc6d4b" outcome="Failed" testListId="8c84fa94-04c1-424b-9868-57a2d4851a1d" relativeResultsDirectory="98ced9b3-520e-491e-b3f2-7995f2b90100">
      <Output>
        <ErrorInfo>
          <Message>Assert.AreEqual failed. Expected:&lt;64 (System.UInt64)&gt;. Actual:&lt;64 (System.Int32)&gt;. </Message>
          <StackTrace>   at BACnet.Tests.BitStringTest.maskTest() in D:\Code\csharp-bacnet\BACnet.Tests\ProtocolTypes\BitStringTest.cs:line 167
</StackTrace>
        </ErrorInfo>
      </Output>
    </UnitTestResult>
    <UnitTestResult executionId="51e11f85-3ce3-4fb6-b5bc-a12485acb22a" testId="dd3e264b-8f45-7612-406f-b3b996d681d6" testName="FlagsTest1" computerName="ELLRIN" duration="00:00:00.0044866" startTime="2010-12-18T00:39:38.4117535-08:00" endTime="2010-12-18T00:39:38.4217535-08:00" testType="13cdc9d9-ddb5-4fa4-a97d-d965ccfc6d4b" outcome="Failed" testListId="8c84fa94-04c1-424b-9868-57a2d4851a1d" relativeResultsDirectory="51e11f85-3ce3-4fb6-b5bc-a12485acb22a">
      <Output>
        <ErrorInfo>
          <Message>Assert.AreEqual failed. Expected:&lt;160 (System.UInt64)&gt;. Actual:&lt;160 (System.Int32)&gt;. </Message>
          <StackTrace>   at BACnet.Tests.BitStringTest.FlagsTest1() in D:\Code\csharp-bacnet\BACnet.Tests\ProtocolTypes\BitStringTest.cs:line 118
</StackTrace>
        </ErrorInfo>
      </Output>
    </UnitTestResult>
    <UnitTestResult executionId="75844594-ea14-49b5-8d7f-e9454a5aa10c" testId="51402006-0952-5313-947e-332d1720b63c" testName="ItemTest2" computerName="ELLRIN" duration="00:00:00.0011910" startTime="2010-12-18T00:39:38.4217535-08:00" endTime="2010-12-18T00:39:38.4217535-08:00" testType="13cdc9d9-ddb5-4fa4-a97d-d965ccfc6d4b" outcome="Failed" testListId="8c84fa94-04c1-424b-9868-57a2d4851a1d" relativeResultsDirectory="75844594-ea14-49b5-8d7f-e9454a5aa10c">
      <Output>
        <ErrorInfo>
          <Message>Assert.AreEqual failed. Expected:&lt;160 (System.UInt64)&gt;. Actual:&lt;160 (System.Int32)&gt;. </Message>
          <StackTrace>   at BACnet.Tests.BitStringTest.ItemTest2() in D:\Code\csharp-bacnet\BACnet.Tests\ProtocolTypes\BitStringTest.cs:line 139
</StackTrace>
        </ErrorInfo>
      </Output>
    </UnitTestResult>
    <UnitTestResult executionId="b0ef0c00-633b-4abc-bc2d-4e46298a3443" testId="4d7b5f58-1541-b38a-a31c-fd12884037ea" testName="FlagsTest" computerName="ELLRIN" duration="00:00:00.0014112" startTime="2010-12-18T00:39:38.4217535-08:00" endTime="2010-12-18T00:39:38.4317535-08:00" testType="13cdc9d9-ddb5-4fa4-a97d-d965ccfc6d4b" outcome="Failed" testListId="8c84fa94-04c1-424b-9868-57a2d4851a1d" relativeResultsDirectory="b0ef0c00-633b-4abc-bc2d-4e46298a3443">
      <Output>
        <ErrorInfo>
          <Message>Assert.AreEqual failed. Expected:&lt;160 (System.UInt64)&gt;. Actual:&lt;160 (System.Int32)&gt;. </Message>
          <StackTrace>   at BACnet.Tests.BitStringTest.FlagsTest() in D:\Code\csharp-bacnet\BACnet.Tests\ProtocolTypes\BitStringTest.cs:line 180
</StackTrace>
        </ErrorInfo>
      </Output>
    </UnitTestResult>
    <UnitTestResult executionId="44fe42c8-2bf4-4530-bb41-077372601127" testId="c7a48a19-d730-8400-6b82-3a4d2b7946e4" testName="maskTest1" computerName="ELLRIN" duration="00:00:00.0026685" startTime="2010-12-18T00:39:38.4317535-08:00" endTime="2010-12-18T00:39:38.4417535-08:00" testType="13cdc9d9-ddb5-4fa4-a97d-d965ccfc6d4b" outcome="Failed" testListId="8c84fa94-04c1-424b-9868-57a2d4851a1d" relativeResultsDirectory="44fe42c8-2bf4-4530-bb41-077372601127">
      <Output>
        <ErrorInfo>
          <Message>Assert.AreEqual failed. Expected:&lt;128 (System.UInt64)&gt;. Actual:&lt;128 (System.Int32)&gt;. </Message>
          <StackTrace>   at BACnet.Tests.BitStringTest.maskTest1() in D:\Code\csharp-bacnet\BACnet.Tests\ProtocolTypes\BitStringTest.cs:line 96
</StackTrace>
        </ErrorInfo>
      </Output>
    </UnitTestResult>
    <UnitTestResult executionId="4df39db6-697e-4c8b-abbf-9433dcd4d060" testId="25fd975d-1b6f-2ba5-0b71-17fac58fcd2d" testName="LengthTest1" computerName="ELLRIN" duration="00:00:00.0012276" startTime="2010-12-18T00:39:38.4417535-08:00" endTime="2010-12-18T00:39:38.4417535-08:00" testType="13cdc9d9-ddb5-4fa4-a97d-d965ccfc6d4b" outcome="Failed" testListId="8c84fa94-04c1-424b-9868-57a2d4851a1d" relativeResultsDirectory="4df39db6-697e-4c8b-abbf-9433dcd4d060">
      <Output>
        <ErrorInfo>
          <Message>Assert.AreEqual failed. Expected:&lt;3&gt;. Actual:&lt;0&gt;. </Message>
          <StackTrace>   at BACnet.Tests.BitStringTest.LengthTest1() in D:\Code\csharp-bacnet\BACnet.Tests\ProtocolTypes\BitStringTest.cs:line 145
</StackTrace>
        </ErrorInfo>
      </Output>
    </UnitTestResult>
  </Results>
</TestRun>